bases:
- ../environments.yaml
helmDefaults:
  atomic: true
  devel: false
  force: false
  recreatePods: false
  tillerless: false
  timeout: 520
  tls: false
  verify: false
  wait: true
releases:
- chart: bitnami/nexus
  name: nexus
  namespace: jx
  values:
  - ../jx-requirements.values.yaml.gotmpl
  version: 9.2.1
repositories:
- name: bitnami
  url: https://charts.bitnami.com/bitnami